make: Entering directory '/mnt/c/Users/antho/Desktop/TBAMUD/TBAMUD UPDATED/src'
gcc -MM *.c > depend
make ../bin/circle
make[1]: Entering directory '/mnt/c/Users/antho/Desktop/TBAMUD/TBAMUD UPDATED/src'
gcc -g -O2 -std=gnu17 -Wall -Wno-char-subscripts -Wno-unused-but-set-variable    -c -o accounts.o accounts.c
gcc -g -O2 -std=gnu17 -Wall -Wno-char-subscripts -Wno-unused-but-set-variable    -c -o act.clan.o act.clan.c
gcc -g -O2 -std=gnu17 -Wall -Wno-char-subscripts -Wno-unused-but-set-variable    -c -o act.comm.o act.comm.c
gcc -g -O2 -std=gnu17 -Wall -Wno-char-subscripts -Wno-unused-but-set-variable    -c -o act.informative.o act.informative.c
gcc -g -O2 -std=gnu17 -Wall -Wno-char-subscripts -Wno-unused-but-set-variable    -c -o act.item.o act.item.c
gcc -g -O2 -std=gnu17 -Wall -Wno-char-subscripts -Wno-unused-but-set-variable    -c -o act.movement.o act.movement.c
gcc -g -O2 -std=gnu17 -Wall -Wno-char-subscripts -Wno-unused-but-set-variable    -c -o act.offensive.o act.offensive.c
gcc -g -O2 -std=gnu17 -Wall -Wno-char-subscripts -Wno-unused-but-set-variable    -c -o act.other.o act.other.c
gcc -g -O2 -std=gnu17 -Wall -Wno-char-subscripts -Wno-unused-but-set-variable    -c -o act.social.o act.social.c
gcc -g -O2 -std=gnu17 -Wall -Wno-char-subscripts -Wno-unused-but-set-variable    -c -o act.wizard.o act.wizard.c
gcc -g -O2 -std=gnu17 -Wall -Wno-char-subscripts -Wno-unused-but-set-variable    -c -o aedit.o aedit.c
gcc -g -O2 -std=gnu17 -Wall -Wno-char-subscripts -Wno-unused-but-set-variable    -c -o asciimap.o asciimap.c
gcc -g -O2 -std=gnu17 -Wall -Wno-char-subscripts -Wno-unused-but-set-variable    -c -o ban.o ban.c
gcc -g -O2 -std=gnu17 -Wall -Wno-char-subscripts -Wno-unused-but-set-variable    -c -o boards.o boards.c
gcc -g -O2 -std=gnu17 -Wall -Wno-char-subscripts -Wno-unused-but-set-variable    -c -o bsd-snprintf.o bsd-snprintf.c
gcc -g -O2 -std=gnu17 -Wall -Wno-char-subscripts -Wno-unused-but-set-variable    -c -o builder_refs.o builder_refs.c
gcc -g -O2 -std=gnu17 -Wall -Wno-char-subscripts -Wno-unused-but-set-variable    -c -o castle.o castle.c
gcc -g -O2 -std=gnu17 -Wall -Wno-char-subscripts -Wno-unused-but-set-variable    -c -o cedit.o cedit.c
gcc -g -O2 -std=gnu17 -Wall -Wno-char-subscripts -Wno-unused-but-set-variable    -c -o clan.o clan.c
gcc -g -O2 -std=gnu17 -Wall -Wno-char-subscripts -Wno-unused-but-set-variable    -c -o class.o class.c
gcc -g -O2 -std=gnu17 -Wall -Wno-char-subscripts -Wno-unused-but-set-variable    -c -o classtrack.o classtrack.c
gcc -g -O2 -std=gnu17 -Wall -Wno-char-subscripts -Wno-unused-but-set-variable    -c -o comm.o comm.c
gcc -g -O2 -std=gnu17 -Wall -Wno-char-subscripts -Wno-unused-but-set-variable    -c -o config.o config.c
gcc -g -O2 -std=gnu17 -Wall -Wno-char-subscripts -Wno-unused-but-set-variable    -c -o constants.o constants.c
gcc -g -O2 -std=gnu17 -Wall -Wno-char-subscripts -Wno-unused-but-set-variable    -c -o criticalhits.o criticalhits.c
gcc -g -O2 -std=gnu17 -Wall -Wno-char-subscripts -Wno-unused-but-set-variable    -c -o db.o db.c
gcc -g -O2 -std=gnu17 -Wall -Wno-char-subscripts -Wno-unused-but-set-variable    -c -o dg_comm.o dg_comm.c
gcc -g -O2 -std=gnu17 -Wall -Wno-char-subscripts -Wno-unused-but-set-variable    -c -o dg_db_scripts.o dg_db_scripts.c
gcc -g -O2 -std=gnu17 -Wall -Wno-char-subscripts -Wno-unused-but-set-variable    -c -o dg_event.o dg_event.c
gcc -g -O2 -std=gnu17 -Wall -Wno-char-subscripts -Wno-unused-but-set-variable    -c -o dg_handler.o dg_handler.c
gcc -g -O2 -std=gnu17 -Wall -Wno-char-subscripts -Wno-unused-but-set-variable    -c -o dg_misc.o dg_misc.c
gcc -g -O2 -std=gnu17 -Wall -Wno-char-subscripts -Wno-unused-but-set-variable    -c -o dg_mobcmd.o dg_mobcmd.c
gcc -g -O2 -std=gnu17 -Wall -Wno-char-subscripts -Wno-unused-but-set-variable    -c -o dg_objcmd.o dg_objcmd.c
gcc -g -O2 -std=gnu17 -Wall -Wno-char-subscripts -Wno-unused-but-set-variable    -c -o dg_olc.o dg_olc.c
gcc -g -O2 -std=gnu17 -Wall -Wno-char-subscripts -Wno-unused-but-set-variable    -c -o dg_scripts.o dg_scripts.c
gcc -g -O2 -std=gnu17 -Wall -Wno-char-subscripts -Wno-unused-but-set-variable    -c -o dg_triggers.o dg_triggers.c
gcc -g -O2 -std=gnu17 -Wall -Wno-char-subscripts -Wno-unused-but-set-variable    -c -o dg_variables.o dg_variables.c
gcc -g -O2 -std=gnu17 -Wall -Wno-char-subscripts -Wno-unused-but-set-variable    -c -o dg_wldcmd.o dg_wldcmd.c
gcc -g -O2 -std=gnu17 -Wall -Wno-char-subscripts -Wno-unused-but-set-variable    -c -o fight.o fight.c
gcc -g -O2 -std=gnu17 -Wall -Wno-char-subscripts -Wno-unused-but-set-variable    -c -o genmob.o genmob.c
gcc -g -O2 -std=gnu17 -Wall -Wno-char-subscripts -Wno-unused-but-set-variable    -c -o genobj.o genobj.c
gcc -g -O2 -std=gnu17 -Wall -Wno-char-subscripts -Wno-unused-but-set-variable    -c -o genolc.o genolc.c
gcc -g -O2 -std=gnu17 -Wall -Wno-char-subscripts -Wno-unused-but-set-variable    -c -o genqst.o genqst.c
gcc -g -O2 -std=gnu17 -Wall -Wno-char-subscripts -Wno-unused-but-set-variable    -c -o genshp.o genshp.c
gcc -g -O2 -std=gnu17 -Wall -Wno-char-subscripts -Wno-unused-but-set-variable    -c -o genwld.o genwld.c
gcc -g -O2 -std=gnu17 -Wall -Wno-char-subscripts -Wno-unused-but-set-variable    -c -o genzon.o genzon.c
gcc -g -O2 -std=gnu17 -Wall -Wno-char-subscripts -Wno-unused-but-set-variable    -c -o graph.o graph.c
gcc -g -O2 -std=gnu17 -Wall -Wno-char-subscripts -Wno-unused-but-set-variable    -c -o handler.o handler.c
gcc -g -O2 -std=gnu17 -Wall -Wno-char-subscripts -Wno-unused-but-set-variable    -c -o hedit.o hedit.c
gcc -g -O2 -std=gnu17 -Wall -Wno-char-subscripts -Wno-unused-but-set-variable    -c -o house.o house.c
gcc -g -O2 -std=gnu17 -Wall -Wno-char-subscripts -Wno-unused-but-set-variable    -c -o ibt.o ibt.c
gcc -g -O2 -std=gnu17 -Wall -Wno-char-subscripts -Wno-unused-but-set-variable    -c -o improved-edit.o improved-edit.c
gcc -g -O2 -std=gnu17 -Wall -Wno-char-subscripts -Wno-unused-but-set-variable    -c -o interpreter.o interpreter.c
gcc -g -O2 -std=gnu17 -Wall -Wno-char-subscripts -Wno-unused-but-set-variable    -c -o limits.o limits.c
gcc -g -O2 -std=gnu17 -Wall -Wno-char-subscripts -Wno-unused-but-set-variable    -c -o lists.o lists.c
gcc -g -O2 -std=gnu17 -Wall -Wno-char-subscripts -Wno-unused-but-set-variable    -c -o magic.o magic.c
gcc -g -O2 -std=gnu17 -Wall -Wno-char-subscripts -Wno-unused-but-set-variable    -c -o mail.o mail.c
gcc -g -O2 -std=gnu17 -Wall -Wno-char-subscripts -Wno-unused-but-set-variable    -c -o medit.o medit.c
gcc -g -O2 -std=gnu17 -Wall -Wno-char-subscripts -Wno-unused-but-set-variable    -c -o mobact.o mobact.c
gcc -g -O2 -std=gnu17 -Wall -Wno-char-subscripts -Wno-unused-but-set-variable    -c -o modify.o modify.c
gcc -g -O2 -std=gnu17 -Wall -Wno-char-subscripts -Wno-unused-but-set-variable    -c -o msgedit.o msgedit.c
gcc -g -O2 -std=gnu17 -Wall -Wno-char-subscripts -Wno-unused-but-set-variable    -c -o mud_event.o mud_event.c
gcc -g -O2 -std=gnu17 -Wall -Wno-char-subscripts -Wno-unused-but-set-variable    -c -o oasis.o oasis.c
gcc -g -O2 -std=gnu17 -Wall -Wno-char-subscripts -Wno-unused-but-set-variable    -c -o oasis_copy.o oasis_copy.c
gcc -g -O2 -std=gnu17 -Wall -Wno-char-subscripts -Wno-unused-but-set-variable    -c -o oasis_delete.o oasis_delete.c
gcc -g -O2 -std=gnu17 -Wall -Wno-char-subscripts -Wno-unused-but-set-variable    -c -o oasis_list.o oasis_list.c
gcc -g -O2 -std=gnu17 -Wall -Wno-char-subscripts -Wno-unused-but-set-variable    -c -o objsave.o objsave.c
gcc -g -O2 -std=gnu17 -Wall -Wno-char-subscripts -Wno-unused-but-set-variable    -c -o oedit.o oedit.c
gcc -g -O2 -std=gnu17 -Wall -Wno-char-subscripts -Wno-unused-but-set-variable    -c -o players.o players.c
gcc -g -O2 -std=gnu17 -Wall -Wno-char-subscripts -Wno-unused-but-set-variable    -c -o prefedit.o prefedit.c
gcc -g -O2 -std=gnu17 -Wall -Wno-char-subscripts -Wno-unused-but-set-variable    -c -o prompt.o prompt.c
gcc -g -O2 -std=gnu17 -Wall -Wno-char-subscripts -Wno-unused-but-set-variable    -c -o protocol.o protocol.c
gcc -g -O2 -std=gnu17 -Wall -Wno-char-subscripts -Wno-unused-but-set-variable    -c -o qedit.o qedit.c
gcc -g -O2 -std=gnu17 -Wall -Wno-char-subscripts -Wno-unused-but-set-variable    -c -o quest.o quest.c
gcc -g -O2 -std=gnu17 -Wall -Wno-char-subscripts -Wno-unused-but-set-variable    -c -o race.o race.c
gcc -g -O2 -std=gnu17 -Wall -Wno-char-subscripts -Wno-unused-but-set-variable    -c -o random.o random.c
gcc -g -O2 -std=gnu17 -Wall -Wno-char-subscripts -Wno-unused-but-set-variable    -c -o redit.o redit.c
gcc -g -O2 -std=gnu17 -Wall -Wno-char-subscripts -Wno-unused-but-set-variable    -c -o sedit.o sedit.c
gcc -g -O2 -std=gnu17 -Wall -Wno-char-subscripts -Wno-unused-but-set-variable    -c -o shop.o shop.c
gcc -g -O2 -std=gnu17 -Wall -Wno-char-subscripts -Wno-unused-but-set-variable    -c -o shop_prices.o shop_prices.c
gcc -g -O2 -std=gnu17 -Wall -Wno-char-subscripts -Wno-unused-but-set-variable    -c -o spec_assign.o spec_assign.c
gcc -g -O2 -std=gnu17 -Wall -Wno-char-subscripts -Wno-unused-but-set-variable    -c -o spec_procs.o spec_procs.c
gcc -g -O2 -std=gnu17 -Wall -Wno-char-subscripts -Wno-unused-but-set-variable    -c -o spell_parser.o spell_parser.c
gcc -g -O2 -std=gnu17 -Wall -Wno-char-subscripts -Wno-unused-but-set-variable    -c -o spells.o spells.c
gcc -g -O2 -std=gnu17 -Wall -Wno-char-subscripts -Wno-unused-but-set-variable    -c -o tedit.o tedit.c
gcc -g -O2 -std=gnu17 -Wall -Wno-char-subscripts -Wno-unused-but-set-variable    -c -o utils.o utils.c
gcc -g -O2 -std=gnu17 -Wall -Wno-char-subscripts -Wno-unused-but-set-variable    -c -o weather.o weather.c
gcc -g -O2 -std=gnu17 -Wall -Wno-char-subscripts -Wno-unused-but-set-variable    -c -o zedit.o zedit.c
gcc -g -O2 -std=gnu17 -Wall -Wno-char-subscripts -Wno-unused-but-set-variable    -c -o zmalloc.o zmalloc.c
gcc -o ../bin/circle  accounts.o act.clan.o act.comm.o act.informative.o act.item.o act.movement.o act.offensive.o act.other.o act.social.o act.wizard.o aedit.o asciimap.o ban.o boards.o bsd-snprintf.o builder_refs.o castle.o cedit.o clan.o class.o classtrack.o comm.o config.o constants.o criticalhits.o db.o dg_comm.o dg_db_scripts.o dg_event.o dg_handler.o dg_misc.o dg_mobcmd.o dg_objcmd.o dg_olc.o dg_scripts.o dg_triggers.o dg_variables.o dg_wldcmd.o fight.o genmob.o genobj.o genolc.o genqst.o genshp.o genwld.o genzon.o graph.o handler.o hedit.o house.o ibt.o improved-edit.o interpreter.o limits.o lists.o magic.o mail.o medit.o mobact.o modify.o msgedit.o mud_event.o oasis.o oasis_copy.o oasis_delete.o oasis_list.o objsave.o oedit.o players.o prefedit.o prompt.o protocol.o qedit.o quest.o race.o random.o redit.o sedit.o shop.o shop_prices.o spec_assign.o spec_procs.o spell_parser.o spells.o tedit.o utils.o weather.o zedit.o zmalloc.o   -lcrypt  -lm
make[1]: Leaving directory '/mnt/c/Users/antho/Desktop/TBAMUD/TBAMUD UPDATED/src'
make utils
make[1]: Entering directory '/mnt/c/Users/antho/Desktop/TBAMUD/TBAMUD UPDATED/src'
(cd util; make all)
make[2]: Entering directory '/mnt/c/Users/antho/Desktop/TBAMUD/TBAMUD UPDATED/src/util'
make[2]: Nothing to be done for 'all'.
make[2]: Leaving directory '/mnt/c/Users/antho/Desktop/TBAMUD/TBAMUD UPDATED/src/util'
make[1]: Leaving directory '/mnt/c/Users/antho/Desktop/TBAMUD/TBAMUD UPDATED/src'
make: Leaving directory '/mnt/c/Users/antho/Desktop/TBAMUD/TBAMUD UPDATED/src'
